c:\users\2416041\downloads\2dbaseproject\2dbaseproject\project\x64\debug\vc143.pdb
c:\users\2416041\downloads\2dbaseproject\2dbaseproject\project\x64\debug\vc143.idb
c:\users\2416041\downloads\2dbaseproject\2dbaseproject\project\x64\debug\enemymanager.obj
c:\users\2416041\downloads\2dbaseproject\2dbaseproject\project\x64\debug\overscene.obj
c:\users\2416041\downloads\2dbaseproject\2dbaseproject\project\x64\debug\scenemanager.obj
c:\users\2416041\downloads\2dbaseproject\2dbaseproject\project\x64\debug\main.obj
c:\users\2416041\downloads\2dbaseproject\2dbaseproject\project\x64\debug\clearscene.obj
c:\users\2416041\downloads\2dbaseproject\2dbaseproject\project\x64\debug\keymanager.obj
c:\users\2416041\downloads\2dbaseproject\2dbaseproject\project\x64\debug\bulletmanager.obj
c:\users\2416041\downloads\2dbaseproject\2dbaseproject\project\x64\debug\bullet.obj
c:\users\2416041\downloads\2dbaseproject\2dbaseproject\project\x64\debug\stagebase.obj
c:\users\2416041\downloads\2dbaseproject\2dbaseproject\project\x64\debug\fps.obj
c:\users\2416041\downloads\2dbaseproject\2dbaseproject\project\x64\debug\gamescene.obj
c:\users\2416041\downloads\2dbaseproject\2dbaseproject\project\x64\debug\soundmanager.obj
c:\users\2416041\downloads\2dbaseproject\2dbaseproject\project\x64\debug\enemy.obj
c:\users\2416041\downloads\2dbaseproject\2dbaseproject\project\x64\debug\loading.obj
c:\users\2416041\downloads\2dbaseproject\2dbaseproject\project\x64\debug\utility.obj
c:\users\2416041\downloads\2dbaseproject\2dbaseproject\project\x64\debug\inputmanager.obj
c:\users\2416041\downloads\2dbaseproject\2dbaseproject\project\x64\debug\titlescene.obj
c:\users\2416041\downloads\2dbaseproject\2dbaseproject\project\x64\debug\vector2.obj
c:\users\2416041\downloads\2dbaseproject\2dbaseproject\project\x64\debug\unitbase.obj
c:\users\2416041\downloads\2dbaseproject\2dbaseproject\project\x64\debug\application.obj
c:\users\2416041\downloads\2dbaseproject\2dbaseproject\project\x64\debug\collision.obj
c:\users\2416041\downloads\2dbaseproject\2dbaseproject\project\x64\debug\player.obj
c:\users\2416041\downloads\2dbaseproject\2dbaseproject\project\x64\debug\enemynormal.obj
c:\users\2416041\downloads\2dbaseproject\2dbaseproject\project\x64\debug\project.ilk
c:\users\2416041\downloads\2dbaseproject\2dbaseproject\x64\debug\project.pdb
c:\users\2416041\downloads\2dbaseproject\2dbaseproject\project\x64\debug\project.tlog\cl.command.1.tlog
c:\users\2416041\downloads\2dbaseproject\2dbaseproject\project\x64\debug\project.tlog\cl.items.tlog
c:\users\2416041\downloads\2dbaseproject\2dbaseproject\project\x64\debug\project.tlog\cl.read.1.tlog
c:\users\2416041\downloads\2dbaseproject\2dbaseproject\project\x64\debug\project.tlog\cl.write.1.tlog
c:\users\2416041\downloads\2dbaseproject\2dbaseproject\project\x64\debug\project.tlog\link.17624-cvtres.read.1.tlog
c:\users\2416041\downloads\2dbaseproject\2dbaseproject\project\x64\debug\project.tlog\link.17624-cvtres.write.1.tlog
c:\users\2416041\downloads\2dbaseproject\2dbaseproject\project\x64\debug\project.tlog\link.17624-rc.read.1.tlog
c:\users\2416041\downloads\2dbaseproject\2dbaseproject\project\x64\debug\project.tlog\link.17624-rc.write.1.tlog
c:\users\2416041\downloads\2dbaseproject\2dbaseproject\project\x64\debug\project.tlog\link.17624.read.1.tlog
c:\users\2416041\downloads\2dbaseproject\2dbaseproject\project\x64\debug\project.tlog\link.17624.read.2.tlog
c:\users\2416041\downloads\2dbaseproject\2dbaseproject\project\x64\debug\project.tlog\link.17624.read.3.tlog
c:\users\2416041\downloads\2dbaseproject\2dbaseproject\project\x64\debug\project.tlog\link.17624.read.4.tlog
c:\users\2416041\downloads\2dbaseproject\2dbaseproject\project\x64\debug\project.tlog\link.17624.write.1.tlog
c:\users\2416041\downloads\2dbaseproject\2dbaseproject\project\x64\debug\project.tlog\link.command.1.tlog
c:\users\2416041\downloads\2dbaseproject\2dbaseproject\project\x64\debug\project.tlog\link.read.1.tlog
c:\users\2416041\downloads\2dbaseproject\2dbaseproject\project\x64\debug\project.tlog\link.secondary.1.tlog
c:\users\2416041\downloads\2dbaseproject\2dbaseproject\project\x64\debug\project.tlog\link.write.1.tlog
